src/core/theme/tamagui.config.ts(4,37): error TS2345: Argument of type '{ animations: AnimationDriver<{ '0ms': string; '30ms': string; '50ms': string; '75ms': string; '100ms': string; '200ms': string; '250ms': string; '300ms': string; '400ms': string; '500ms': string; superBouncy: string; bouncy: string; kindaBouncy: string; ... 11 more ...; quickestLessBouncy: string; }>; ... 6 more .....' is not assignable to parameter of type 'CreateTamaguiProps'.
  Types of property 'animations' are incompatible.
    Type 'AnimationDriver<{ '0ms': string; '30ms': string; '50ms': string; '75ms': string; '100ms': string; '200ms': string; '250ms': string; '300ms': string; '400ms': string; '500ms': string; superBouncy: string; bouncy: string; kindaBouncy: string; ... 11 more ...; quickestLessBouncy: string; }>' is not assignable to type 'AnimationsConfig | undefined'.
      Property 'default' is missing in type 'AnimationDriver<{ '0ms': string; '30ms': string; '50ms': string; '75ms': string; '100ms': string; '200ms': string; '250ms': string; '300ms': string; '400ms': string; '500ms': string; superBouncy: string; bouncy: string; kindaBouncy: string; ... 11 more ...; quickestLessBouncy: string; }>' but required in type 'AnimationsConfigObject'.
