src/core/theme/tamagui.config.ts(4,7): error TS7022: 'tamaguiConfig' implicitly has type 'any' because it does not have a type annotation and is referenced directly or indirectly in its own initializer.
src/core/theme/tamagui.config.ts(4,37): error TS2345: Argument of type '{ animations: AnimationDriver<{ '0ms': string; '30ms': string; '50ms': string; '75ms': string; '100ms': string; '200ms': string; '250ms': string; '300ms': string; '400ms': string; '500ms': string; superBouncy: string; bouncy: string; kindaBouncy: string; ... 11 more ...; quickestLessBouncy: string; }>; ... 6 more .....' is not assignable to parameter of type 'CreateTamaguiProps'.
  Types of property 'animations' are incompatible.
    Type 'AnimationDriver<{ '0ms': string; '30ms': string; '50ms': string; '75ms': string; '100ms': string; '200ms': string; '250ms': string; '300ms': string; '400ms': string; '500ms': string; superBouncy: string; bouncy: string; kindaBouncy: string; ... 11 more ...; quickestLessBouncy: string; }>' is not assignable to type 'AnimationsConfig | undefined'.
      Property 'default' is missing in type 'AnimationDriver<{ '0ms': string; '30ms': string; '50ms': string; '75ms': string; '100ms': string; '200ms': string; '250ms': string; '300ms': string; '400ms': string; '500ms': string; superBouncy: string; bouncy: string; kindaBouncy: string; ... 11 more ...; quickestLessBouncy: string; }>' but required in type 'AnimationsConfigObject'.
src/core/theme/tamagui.config.ts(6,6): error TS2456: Type alias 'Conf' circularly references itself.
src/core/theme/tamagui.config.ts(8,13): error TS2310: Type 'TamaguiCustomConfig' recursively references itself as a base type.
